game:
  description: A classic game of cooperation and betrayal
  name: Prisoner's Dilemma
  type: simultaneous_choice
llm_integration:
  parsers:
    decision: choice_parser
  player_models:
    player_1: openai:gpt-4o
    player_2: anthropic:claude-3-7-sonnet
  prompts:
    decision: pd_decision
  system_prompts:
    decision: test
phases:
- actions:
  - name: choose
    options:
    - cooperate
    - defect
  id: decision
  next_phase: resolution
  type: simultaneous_action
- handler: calculate_pd_outcome
  id: resolution
  next_phase_condition: rounds_remaining
  next_phase_failure: game_end
  next_phase_success: decision
  type: automatic
players:
  max: 2
  min: 2
  roles: symmetric
rounds:
  count: 5
  progression: fixed
scoring:
  rules:
  - condition: both_cooperate
    points:
    - 3
    - 3
  - condition: both_defect
    points:
    - 1
    - 1
  - condition: p1_defect_p2_cooperate
    points:
    - 5
    - 0
  - condition: p1_cooperate_p2_defect
    points:
    - 0
    - 5
setup:
  initial_state:
    assignments: []
    resources: []
state:
  hidden_state: []
  history_state:
  - name: decision_history
    tracking: decisions
  player_state:
  - initial: 0
    name: score
    visible: true
  shared_state:
  - initial: 1
    name: current_round
    visible: true
win_condition:
  score_field: score
  trigger: rounds_complete
  type: highest_score
