{
  "benchmark_id": "prisoners_dilemma_benchmark_test",
  "timestamp": "20210101_001700",
  "game": "Prisoner's Dilemma"
}