{
  "benchmark_id": "poetry_slam_benchmark_1_test",
  "timestamp": "20210101_002300",
  "game": "Poetry Slam"
}