{
  "benchmark_id": "debate_slam_benchmark_1_test",
  "timestamp": "20210101_002400",
  "game": "Debate Slam"
}